// Jest Snapshot v1, https://goo.gl/fbAQLP

exports[`has matching snapshot 1`] = `
.c8 {
  line-height: 1.15;
  -ms-text-size-adjust: 100%;
  -webkit-text-size-adjust: 100%;
  margin: 0;
  overflow: visible;
  text-transform: none;
  -webkit-appearance: button;
  margin: 0;
  padding: 0;
  border: 0;
  box-sizing: border-box;
  font: 100% inherit;
  line-height: 1;
  text-align: left;
  -webkit-text-decoration: none;
  text-decoration: none;
  vertical-align: baseline;
  color: inherit;
  background: none;
  cursor: inherit;
  display: inline-block;
  max-width: 100%;
  cursor: pointer;
}

.c8:-moz-focusring {
  outline: 1px dotted ButtonText;
}

.c8::-moz-focus-inner {
  border-style: none;
  padding: 0;
}

.c8::-webkit-file-upload-button {
  -webkit-appearance: button;
  font: inherit;
}

.c8::-webkit-inner-spin-button {
  height: auto;
}

.c8::-webkit-outer-spin-button {
  height: auto;
}

.c8::before,
.c8::after {
  box-sizing: border-box;
}

.c0 {
  line-height: 1.15;
  -ms-text-size-adjust: 100%;
  -webkit-text-size-adjust: 100%;
  margin: 0;
  padding: 0;
  border: 0;
  box-sizing: border-box;
  font: 100% inherit;
  line-height: 1;
  text-align: left;
  -webkit-text-decoration: none;
  text-decoration: none;
  vertical-align: baseline;
  color: inherit;
  background: none;
  cursor: inherit;
  display: block;
  max-width: 100%;
  word-wrap: normal;
  word-break: normal;
  white-space: normal;
}

.c0::before,
.c0::after {
  box-sizing: border-box;
}

.c5 {
  line-height: 1.15;
  -ms-text-size-adjust: 100%;
  -webkit-text-size-adjust: 100%;
  margin: 0;
  overflow: visible;
  margin: 0;
  padding: 0;
  border: 0;
  box-sizing: border-box;
  font: 100% inherit;
  line-height: 1;
  text-align: left;
  -webkit-text-decoration: none;
  text-decoration: none;
  vertical-align: baseline;
  color: inherit;
  background: none;
  cursor: inherit;
  display: inline-block;
  max-width: 100%;
}

.c5::-webkit-input-placeholder {
  color: inherit;
  opacity: 0.54;
}

.c5::before,
.c5::after {
  box-sizing: border-box;
}

.c4 {
  line-height: 1.15;
  -ms-text-size-adjust: 100%;
  -webkit-text-size-adjust: 100%;
  margin: 0;
  padding: 0;
  border: 0;
  box-sizing: border-box;
  font: 100% inherit;
  line-height: 1;
  text-align: left;
  -webkit-text-decoration: none;
  text-decoration: none;
  vertical-align: baseline;
  color: inherit;
  background: none;
  cursor: inherit;
  display: inline;
  max-width: 100%;
  word-wrap: normal;
  word-break: normal;
  white-space: normal;
}

.c4::before,
.c4::after {
  box-sizing: border-box;
}

.c10 {
  display: inline-block;
  vertical-align: baseline;
}

.c10 .fi-icon-base-fill {
  fill: currentColor;
}

.c10 .fi-icon-base-stroke {
  stroke: currentColor;
}

.c10.fi-icon--cursor-pointer {
  cursor: pointer;
}

.c10.fi-icon--cursor-pointer * {
  cursor: inherit;
}

.c12 {
  color: hsl(0,0%,16%);
  -webkit-letter-spacing: 0;
  -moz-letter-spacing: 0;
  -ms-letter-spacing: 0;
  letter-spacing: 0;
  -webkit-text-decoration: none;
  text-decoration: none;
  word-break: break-word;
  overflow-wrap: break-word;
  -webkit-font-smoothing: antialiased;
  font-family: 'Source Sans Pro','Helvetica Neue','Arial',sans-serif;
  font-size: 16px;
  line-height: 1.5;
  font-weight: 600;
  font-size: 14px;
  line-height: 20px;
  padding: 10px 20px;
  min-height: 40px;
  color: hsl(0,0%,100%);
  background: linear-gradient(0deg,hsl(212,63%,37%) 0%,hsl(212,63%,45%) 100%);
  border-radius: 2px;
  text-align: center;
  text-shadow: 0 1px 1px rgba(0,53,122,0.5);
  cursor: pointer;
}

.c12:focus {
  outline: none;
  position: relative;
}

.c12:focus::after {
  content: '';
  position: absolute;
  pointer-events: none;
  top: -2px;
  right: -2px;
  bottom: -2px;
  left: -2px;
  border-radius: 2px;
  background-color: transparent;
  border: 0px solid hsl(0,0%,100%);
  box-sizing: border-box;
  box-shadow: 0 0 0 2px hsl(196,77%,44%);
  z-index: 9999;
}

.c12:hover {
  background: linear-gradient(0deg,hsl(212,63%,45%) 0%,hsl(212,63%,49%) 100%);
}

.c12:active {
  background: hsl(212,63%,37%);
}

.c12.fi-button--disabled,
.c12[disabled],
.c12:disabled {
  text-shadow: 0 1px 1px rgba(41,41,41,0.5);
  background: linear-gradient(0deg,hsl(202,7%,67%) 0%,hsl(202,7%,80%) 100%);
  -webkit-user-select: none;
  -moz-user-select: none;
  -ms-user-select: none;
  user-select: none;
  cursor: not-allowed;
}

.c12.fi-button--disabled::after {
  border: none;
  box-shadow: none;
}

.c12.fi-button--fullwidth {
  display: block;
  width: 100%;
}

.c12.fi-button--inverted {
  background: none;
  background-color: hsl(212,63%,45%);
  border: 1px solid hsl(0,0%,100%);
  text-shadow: none;
}

.c12.fi-button--inverted:hover {
  background: linear-gradient(-180deg,rgba(255,255,255,0.1) 0%,rgba(255,255,255,0) 100%);
}

.c12.fi-button--inverted:active {
  background: none;
  background-color: hsl(212,63%,45%);
}

.c12.fi-button--inverted.fi-button--disabled,
.c12.fi-button--inverted[disabled],
.c12.fi-button--inverted:disabled {
  opacity: 0.41;
  background: none;
  background-color: none;
}

.c12.fi-button--secondary {
  color: hsl(212,63%,45%);
  background: none;
  background-color: hsl(0,0%,100%);
  border: 1px solid hsl(212,63%,45%);
  text-shadow: none;
}

.c12.fi-button--secondary:hover {
  background: linear-gradient(-180deg,hsl(202,7%,93%) 0%,rgba(255,255,255,0) 100%);
}

.c12.fi-button--secondary:active {
  background: none;
  background-color: hsl(202,7%,93%);
}

.c12.fi-button--secondary.fi-button--disabled,
.c12.fi-button--secondary[disabled],
.c12.fi-button--secondary:disabled {
  color: hsl(202,7%,67%);
  text-shadow: none;
  background: none;
  background-color: hsl(212,63%,98%);
  border-color: hsl(202,7%,67%);
}

.c12.fi-button--secondary-noborder {
  color: hsl(212,63%,45%);
  background: none;
  background-color: hsl(0,0%,100%);
  border: 1px solid hsl(212,63%,45%);
  text-shadow: none;
  border: none;
  background-color: transparent;
}

.c12.fi-button--secondary-noborder:hover {
  background: linear-gradient(-180deg,hsl(202,7%,93%) 0%,rgba(255,255,255,0) 100%);
}

.c12.fi-button--secondary-noborder:active {
  background: none;
  background-color: hsl(202,7%,93%);
}

.c12.fi-button--secondary-noborder.fi-button--disabled,
.c12.fi-button--secondary-noborder[disabled],
.c12.fi-button--secondary-noborder:disabled {
  color: hsl(202,7%,67%);
  text-shadow: none;
  background: none;
  background-color: hsl(212,63%,98%);
  border-color: hsl(202,7%,67%);
}

.c12.fi-button--link {
  color: hsl(212,63%,45%);
  color: hsl(212,63%,45%);
  background: none;
  background-color: hsl(0,0%,100%);
  border: 1px solid hsl(212,63%,45%);
  text-shadow: none;
  background: linear-gradient(0deg,hsl(215,100%,95%),hsl(215,100%,97%));
  border: none;
}

.c12.fi-button--link:hover {
  background: linear-gradient(-180deg,hsl(202,7%,93%) 0%,rgba(255,255,255,0) 100%);
}

.c12.fi-button--link:active {
  background: none;
  background-color: hsl(202,7%,93%);
}

.c12.fi-button--link.fi-button--disabled,
.c12.fi-button--link[disabled],
.c12.fi-button--link:disabled {
  color: hsl(202,7%,67%);
  text-shadow: none;
  background: none;
  background-color: hsl(212,63%,98%);
  border-color: hsl(202,7%,67%);
}

.c12.fi-button--link:hover {
  background: linear-gradient(0deg,hsl(215,100%,97%),hsl(212,63%,98%));
}

.c12.fi-button--link:active {
  background: linear-gradient(0deg,hsl(202,7%,93%),hsl(202,7%,97%));
}

.c12.fi-button--link.fi-button--disabled,
.c12.fi-button--link[disabled],
.c12.fi-button--link:disabled {
  color: hsl(202,7%,67%);
  background: none;
  background-color: hsl(202,7%,97%);
}

.c12 > .fi-button_icon {
  width: 16px;
  height: 16px;
  margin-right: 8px;
  vertical-align: middle;
  -webkit-transform: translateY(-0.1em);
  -ms-transform: translateY(-0.1em);
  transform: translateY(-0.1em);
}

.c12 > .fi-button_icon.fi-button_icon--right {
  margin-right: 0;
  margin-left: 8px;
}

.c12.fi-button--disabled > .fi-button_icon {
  cursor: not-allowed;
}

.c11 {
  position: absolute;
  -webkit-clip: rect(0 0 0 0);
  clip: rect(0 0 0 0);
  height: 1px;
  width: 1px;
  margin: -1px;
  padding: 0;
  border: 0;
  overflow: hidden;
}

.c9 {
  color: hsl(0,0%,16%);
  -webkit-letter-spacing: 0;
  -moz-letter-spacing: 0;
  -ms-letter-spacing: 0;
  letter-spacing: 0;
  -webkit-text-decoration: none;
  text-decoration: none;
  word-break: break-word;
  overflow-wrap: break-word;
  -webkit-font-smoothing: antialiased;
  font-family: 'Source Sans Pro','Helvetica Neue','Arial',sans-serif;
  font-size: 16px;
  line-height: 1.5;
  font-weight: 600;
}

.c9:focus {
  outline: 0;
  position: relative;
}

.c9:focus::after {
  content: '';
  position: absolute;
  pointer-events: none;
  top: -2px;
  right: -2px;
  bottom: -2px;
  left: -2px;
  border-radius: 2px;
  background-color: transparent;
  border: 0px solid hsl(0,0%,100%);
  box-sizing: border-box;
  box-shadow: 0 0 0 2px hsl(196,77%,44%);
  z-index: 9999;
  border-radius: 16px;
}

.c9.fi-chip {
  border-radius: 14px;
  padding: 2px 10px;
  color: hsl(0,0%,100%);
  background: hsl(212,63%,45%);
  max-height: 28px;
  display: inline-block;
}

.c9.fi-chip .fi-chip--content {
  display: inline-block;
  max-width: 270px;
  white-space: nowrap;
  overflow: hidden;
  text-overflow: ellipsis;
  line-height: 1.5em;
}

.c9.fi-chip--disabled.fi-chip {
  cursor: not-allowed;
  background: hsl(202,7%,67%);
}

.c9.fi-chip--disabled.fi-chip:hover,
.c9.fi-chip--disabled.fi-chip:active {
  background: hsl(202,7%,67%);
}

.c9.fi-chip--button {
  cursor: pointer;
}

.c9.fi-chip--button:hover {
  background: hsl(212,63%,49%);
}

.c9.fi-chip--button:active {
  background: hsl(212,63%,37%);
}

.c9.fi-chip--removable {
  padding-top: 2px;
  padding-right: 22px;
  padding-bottom: 2px;
  padding-left: 10px;
  position: relative;
}

.c9.fi-chip--removable .fi-chip--icon {
  position: absolute;
  top: 8px;
  right: 10px;
  height: 12px;
  width: 12px;
}

.c9.fi-chip--removable .fi-chip--content {
  max-width: 248px;
  margin-right: 10px;
}

.c9.fi-chip--removable.fi-chip--disabled .fi-chip--icon {
  cursor: not-allowed;
}

.c3.fi-label-text .fi-label-text_label-span {
  -webkit-letter-spacing: 0;
  -moz-letter-spacing: 0;
  -ms-letter-spacing: 0;
  letter-spacing: 0;
  -webkit-text-decoration: none;
  text-decoration: none;
  word-break: break-word;
  overflow-wrap: break-word;
  -webkit-font-smoothing: antialiased;
  font-family: 'Source Sans Pro','Helvetica Neue','Arial',sans-serif;
  font-size: 16px;
  line-height: 1.5;
  font-weight: 600;
  display: block;
  margin-bottom: 10px;
  color: hsl(0,0%,16%);
}

.c3.fi-label-text .fi-label-text_label-span .fi-label-text_optionalText {
  font-family: 'Source Sans Pro','Helvetica Neue','Arial',sans-serif;
  font-size: 16px;
  line-height: 1.5;
  font-weight: 400;
}

.c6.fi-status-text {
  -webkit-letter-spacing: 0;
  -moz-letter-spacing: 0;
  -ms-letter-spacing: 0;
  letter-spacing: 0;
  -webkit-text-decoration: none;
  text-decoration: none;
  word-break: break-word;
  overflow-wrap: break-word;
  -webkit-font-smoothing: antialiased;
  font-family: 'Source Sans Pro','Helvetica Neue','Arial',sans-serif;
  font-size: 16px;
  line-height: 1.5;
  font-weight: 600;
  color: hsl(0,0%,16%);
  font-size: 14px;
  line-height: 20px;
}

.c6.fi-status-text.fi-status-text--error {
  color: hsl(3,59%,48%);
}

.c6.fi-status-text.fi-status-text--hasContent {
  margin-top: 5px;
}

.c2 .fi-filter-input {
  -webkit-letter-spacing: 0;
  -moz-letter-spacing: 0;
  -ms-letter-spacing: 0;
  letter-spacing: 0;
  -webkit-text-decoration: none;
  text-decoration: none;
  word-break: break-word;
  overflow-wrap: break-word;
  -webkit-font-smoothing: antialiased;
  font-family: 'Source Sans Pro','Helvetica Neue','Arial',sans-serif;
  font-size: 18px;
  line-height: 1.5;
  font-weight: 400;
}

.c2 .fi-filter-input_wrapper {
  display: inline-block;
  width: 100%;
}

.c2 .fi-filter-input_functionalityContainer {
  line-height: 1.5;
}

.c2 .fi-filter-input_input-element-container > input:focus {
  outline-color: hsl(196,77%,44%);
  outline-width: 2px;
  outline-offset: 2px;
  outline-style: solid;
}

.c2 .fi-filter-input_input-element-container:focus-within > input:focus {
  outline: none;
}

.c2 .fi-filter-input_input-element-container:focus-within {
  position: relative;
}

.c2 .fi-filter-input_input-element-container:focus-within::after {
  content: '';
  position: absolute;
  pointer-events: none;
  top: -2px;
  right: -2px;
  bottom: -2px;
  left: -2px;
  border-radius: 2px;
  background-color: transparent;
  border: 0px solid hsl(0,0%,100%);
  box-sizing: border-box;
  box-shadow: 0 0 0 2px hsl(196,77%,44%);
  z-index: 9999;
}

.c2 .fi-filter-input_input {
  color: hsl(0,0%,16%);
  -webkit-letter-spacing: 0;
  -moz-letter-spacing: 0;
  -ms-letter-spacing: 0;
  letter-spacing: 0;
  -webkit-text-decoration: none;
  text-decoration: none;
  word-break: break-word;
  overflow-wrap: break-word;
  -webkit-font-smoothing: antialiased;
  font-family: 'Source Sans Pro','Helvetica Neue','Arial',sans-serif;
  font-size: 16px;
  line-height: 1.5;
  font-weight: 400;
  min-width: 245px;
  max-width: 100%;
  padding: 8px 16px;
  border: 1px solid hsl(202,7%,80%);
  border-radius: 2px;
  line-height: 1;
  background-color: hsl(0,0%,100%);
  min-width: 40px;
  width: 100%;
  min-height: 40px;
  padding-left: 10px;
  border-color: hsl(201,7%,58%);
}

.c2 .fi-filter-input_input::-webkit-input-placeholder {
  font-style: italic;
  color: hsl(201,7%,46%);
  opacity: 1;
}

.c2 .fi-filter-input_input::-moz-placeholder {
  font-style: italic;
  color: hsl(201,7%,46%);
  opacity: 1;
}

.c2 .fi-filter-input_input:-ms-input-placeholder {
  font-style: italic;
  color: hsl(201,7%,46%);
  opacity: 1;
}

.c2 .fi-filter-input_input::placeholder {
  font-style: italic;
  color: hsl(201,7%,46%);
  opacity: 1;
}

.c2.fi-filter-input--error .fi-filter-input_input {
  border-color: hsl(3,59%,48%);
  border-width: 2px;
}

.c2.fi-filter-input--disabled .fi-filter-input_input {
  color: hsl(202,7%,67%);
  background-color: hsl(202,7%,97%);
  border-color: hsl(202,7%,80%);
}

.c2.fi-filter-input--label-align-left .fi-filter-input_wrapper {
  display: -webkit-box;
  display: -webkit-flex;
  display: -ms-flexbox;
  display: flex;
  -webkit-flex-direction: row;
  -ms-flex-direction: row;
  flex-direction: row;
  -webkit-align-items: flex-start;
  -webkit-box-align: flex-start;
  -ms-flex-align: flex-start;
  align-items: flex-start;
}

.c2.fi-filter-input--label-align-left .fi-filter-input_wrapper .fi-label-text {
  padding-right: 10px;
  padding-top: 8px;
  -webkit-align-self: flex-start;
  -ms-flex-item-align: start;
  align-self: flex-start;
}

.c2.fi-filter-input--label-align-left .fi-filter-input_wrapper .fi-label-text .fi-label-text_label-span {
  margin-bottom: 0;
}

.c7.fi-chip-list {
  -webkit-letter-spacing: 0;
  -moz-letter-spacing: 0;
  -ms-letter-spacing: 0;
  letter-spacing: 0;
  -webkit-text-decoration: none;
  text-decoration: none;
  word-break: break-word;
  overflow-wrap: break-word;
  -webkit-font-smoothing: antialiased;
  font-family: 'Source Sans Pro','Helvetica Neue','Arial',sans-serif;
  font-size: 18px;
  line-height: 1.5;
  font-weight: 400;
  padding-top: 5px;
}

.c7 .fi-chip-list_content_wrapper > * {
  margin-right: 10px;
  margin-top: 10px;
  padding-right: -10px;
}

.c7 .fi-chip-list_content_wrapper {
  display: -webkit-inline-box;
  display: -webkit-inline-flex;
  display: -ms-inline-flexbox;
  display: inline-flex;
  -webkit-flex-wrap: wrap;
  -ms-flex-wrap: wrap;
  flex-wrap: wrap;
  width: 100%;
}

.c1.fi-multiselect {
  -webkit-letter-spacing: 0;
  -moz-letter-spacing: 0;
  -ms-letter-spacing: 0;
  letter-spacing: 0;
  -webkit-text-decoration: none;
  text-decoration: none;
  word-break: break-word;
  overflow-wrap: break-word;
  -webkit-font-smoothing: antialiased;
  font-family: 'Source Sans Pro','Helvetica Neue','Arial',sans-serif;
  font-size: 18px;
  line-height: 1.5;
  font-weight: 400;
  width: 290px;
}

.c1.fi-multiselect .fi-filter-input_input-element-container {
  position: relative;
}

.c1.fi-multiselect .fi-filter-input_input-element-container:before {
  content: '';
  position: absolute;
  top: 50%;
  right: 16px;
  margin-top: -3px;
  border-style: solid;
  border-color: hsl(201,7%,58%) transparent transparent transparent;
  border-width: 6px 4px 0 4px;
  pointer-events: none;
}

.c1 .fi-multiselect_content_wrapper {
  display: inline-block;
  width: 100%;
}

.c1.fi-multiselect--open .fi-filter-input_input-element-container:before {
  border-color: transparent transparent hsl(201,7%,58%) transparent;
  border-width: 0 4px 6px 4px;
}

.c1.fi-multiselect--open .fi-filter-input_input {
  border-bottom: 0;
  border-bottom-left-radius: 0;
  border-bottom-right-radius: 0;
}

.c1 .fi-multiselect_removeAllButton {
  margin-top: 10px;
}

<div
  aria-expanded="false"
  aria-haspopup="listbox"
  aria-owns="3-popover"
  class="c0 fi-multiselect c1"
  role="combobox"
>
  <div
    class="c0 fi-multiselect_content_wrapper"
  >
    <div
      class="c0 fi-filter-input c2"
    >
      <div
        class="c0 fi-filter-input_wrapper"
      >
        <label
          class="c0 c3 fi-label-text"
          for="1"
        >
          <span
            class="c4 fi-label-text_label-span"
          >
            MultiSelect
          </span>
        </label>
        <div
          class="c0 fi-filter-input_functionalityContainer"
        >
          <div
            class="c0 fi-filter-input_input-element-container"
          >
            <input
              aria-autocomplete="list"
              aria-controls="3-popover"
              aria-describedby="3-selectedItems-length"
              aria-multiline="false"
              autocapitalize="none"
              autocomplete="off"
              class="c5 fi-filter-input_input"
              id="1"
              placeholder="Choose your tool(s)"
              spellcheck="false"
              type="text"
              value=""
            />
          </div>
          <span
            aria-atomic="true"
            aria-live="assertive"
            class="c4 c6 fi-status-text"
          />
        </div>
      </div>
    </div>
    <div
      class="c0 fi-chip-list c7"
      id="2"
    >
      <div
        class="c0 fi-chip-list_content_wrapper"
      >
        <button
          aria-disabled="true"
          class="c8 fi-chip fi-chip--button c9 fi-chip--disabled fi-chip--removable"
          type="button"
        >
          <span
            class="c4 fi-chip--content"
          >
            Powersaw
          </span>
          <svg
            aria-hidden="true"
            class="fi-icon c10 fi-chip--icon fi-icon--cursor-pointer"
            fill="currentColor"
            focusable="false"
            height="1em"
            viewBox="0 0 24 24"
            width="1em"
            xmlns="http://www.w3.org/2000/svg"
          >
            <path
              d="M12 13.45L4.75 20.7a1.026 1.026 0 01-1.45-1.45L10.55 12 3.3 4.75A1.026 1.026 0 014.75 3.3L12 10.55l7.25-7.25a1.026 1.026 0 011.45 1.45L13.45 12l7.25 7.25a1.026 1.026 0 01-1.45 1.45L12 13.45z"
            />
          </svg>
          <span
            class="c4 c11 fi-visually-hidden"
          >
            Remove
          </span>
        </button>
        <button
          aria-disabled="false"
          class="c8 fi-chip fi-chip--button c9 fi-chip--removable"
          type="button"
        >
          <span
            class="c4 fi-chip--content"
          >
            Hammer
          </span>
          <svg
            aria-hidden="true"
            class="fi-icon c10 fi-chip--icon fi-icon--cursor-pointer"
            focusable="false"
            height="1em"
            viewBox="0 0 24 24"
            width="1em"
            xmlns="http://www.w3.org/2000/svg"
          >
            <path
              class="fi-icon-base-fill"
              d="M4.75 3.3L12 10.55l7.25-7.25a1.026 1.026 0 011.45 1.45L13.45 12l7.25 7.25a1.026 1.026 0 01-1.45 1.45L12 13.45 4.75 20.7a1.026 1.026 0 01-1.45-1.45L10.55 12 3.3 4.75A1.026 1.026 0 014.75 3.3z"
              fill="#292929"
              fill-rule="evenodd"
            />
          </svg>
          <span
            class="c4 c11 fi-visually-hidden"
          >
            Remove
          </span>
        </button>
        <button
          aria-disabled="false"
          class="c8 fi-chip fi-chip--button c9 fi-chip--removable"
          type="button"
        >
          <span
            class="c4 fi-chip--content"
          >
            Rake
          </span>
          <svg
            aria-hidden="true"
            class="fi-icon c10 fi-chip--icon fi-icon--cursor-pointer"
            focusable="false"
            height="1em"
            viewBox="0 0 24 24"
            width="1em"
            xmlns="http://www.w3.org/2000/svg"
          >
            <path
              class="fi-icon-base-fill"
              d="M4.75 3.3L12 10.55l7.25-7.25a1.026 1.026 0 011.45 1.45L13.45 12l7.25 7.25a1.026 1.026 0 01-1.45 1.45L12 13.45 4.75 20.7a1.026 1.026 0 01-1.45-1.45L10.55 12 3.3 4.75A1.026 1.026 0 014.75 3.3z"
              fill="#292929"
              fill-rule="evenodd"
            />
          </svg>
          <span
            class="c4 c11 fi-visually-hidden"
          >
            Remove
          </span>
        </button>
      </div>
    </div>
    <button
      aria-disabled="false"
      class="c8 fi-button c12 fi-multiselect_removeAllButton fi-button--link"
      tabindex="0"
      type="button"
    >
      <svg
        aria-hidden="true"
        class="fi-icon c10 fi-button_icon fi-icon--cursor-pointer"
        focusable="false"
        height="1em"
        viewBox="0 0 24 24"
        width="1em"
        xmlns="http://www.w3.org/2000/svg"
      >
        <path
          class="fi-icon-base-fill"
          d="M13 0c1.654 0 3 1.346 3 3v1h5a1 1 0 010 2h-1.091l-1.804 16.117A2.143 2.143 0 0116 24H8a2.141 2.141 0 01-2.104-1.885L4.119 6H3a1 1 0 010-2h5V3c0-1.654 1.346-3 3-3h2zm4.898 6H6.132l1.753 15.896c.004.04.075.104.115.104h8c.041 0 .113-.065.118-.105L17.898 6zM13 2h-2c-.551 0-1 .448-1 1v1h4V3c0-.552-.449-1-1-1z"
          fill="#292929"
          fill-rule="evenodd"
        />
      </svg>
      Remove all selections
    </button>
  </div>
</div>
`;
