// Jest Snapshot v1, https://goo.gl/fbAQLP

exports[`calling render with the same component on the same container does not remount 1`] = `
.c6 {
  line-height: 1.15;
  -ms-text-size-adjust: 100%;
  -webkit-text-size-adjust: 100%;
  background-color: transparent;
  margin: 0;
  padding: 0;
  border: 0;
  box-sizing: border-box;
  font: 100% inherit;
  line-height: 1;
  text-align: left;
  -webkit-text-decoration: none;
  text-decoration: none;
  vertical-align: baseline;
  color: inherit;
  background: none;
  cursor: inherit;
  display: inline;
  -webkit-text-decoration: underline;
  text-decoration: underline;
}

.c6::before,
.c6::after {
  box-sizing: border-box;
}

.c6:hover,
.c6:active,
.c6:focus,
.c6:focus-within {
  color: inherit;
  -webkit-text-decoration: underline;
  text-decoration: underline;
  cursor: pointer;
}

.c3 {
  line-height: 1.15;
  -ms-text-size-adjust: 100%;
  -webkit-text-size-adjust: 100%;
  margin: 0;
  padding: 0;
  border: 0;
  box-sizing: border-box;
  font: 100% inherit;
  line-height: 1;
  text-align: left;
  -webkit-text-decoration: none;
  text-decoration: none;
  vertical-align: baseline;
  color: inherit;
  background: none;
  cursor: inherit;
  display: list-item;
}

.c3::before,
.c3::after {
  box-sizing: border-box;
}

.c0 {
  line-height: 1.15;
  -ms-text-size-adjust: 100%;
  -webkit-text-size-adjust: 100%;
  margin: 0;
  padding: 0;
  border: 0;
  box-sizing: border-box;
  font: 100% inherit;
  line-height: 1;
  text-align: left;
  -webkit-text-decoration: none;
  text-decoration: none;
  vertical-align: baseline;
  color: inherit;
  background: none;
  cursor: inherit;
  display: block;
  max-width: 100%;
}

.c0::before,
.c0::after {
  box-sizing: border-box;
}

.c2 {
  line-height: 1.15;
  -ms-text-size-adjust: 100%;
  -webkit-text-size-adjust: 100%;
  margin: 0;
  padding: 0;
  border: 0;
  box-sizing: border-box;
  font: 100% inherit;
  line-height: 1;
  text-align: left;
  -webkit-text-decoration: none;
  text-decoration: none;
  vertical-align: baseline;
  color: inherit;
  background: none;
  cursor: inherit;
  display: block;
  list-style-type: decimal;
  margin-top: 1em;
  margin-bottom: 1em;
  margin-left: 0;
  margin-right: 0;
  padding-left: 40px;
}

.c2::before,
.c2::after {
  box-sizing: border-box;
}

.c4 {
  line-height: 1.15;
  -ms-text-size-adjust: 100%;
  -webkit-text-size-adjust: 100%;
  margin: 0;
  padding: 0;
  border: 0;
  box-sizing: border-box;
  font: 100% inherit;
  line-height: 1;
  text-align: left;
  -webkit-text-decoration: none;
  text-decoration: none;
  vertical-align: baseline;
  color: inherit;
  background: none;
  cursor: inherit;
  display: inline;
  max-width: 100%;
  word-wrap: normal;
  word-break: normal;
  white-space: normal;
}

.c4::before,
.c4::after {
  box-sizing: border-box;
}

.c1 {
  color: hsl(0,0%,16%);
  display: block;
  -webkit-letter-spacing: 0;
  -moz-letter-spacing: 0;
  -ms-letter-spacing: 0;
  letter-spacing: 0;
  -webkit-text-decoration: none;
  text-decoration: none;
  word-break: break-word;
  overflow-wrap: break-word;
  -webkit-font-smoothing: antialiased;
  font-family: 'Source Sans Pro','Helvetica Neue','Arial',sans-serif;
  font-size: 16px;
  line-height: 1.5;
  font-weight: 400;
  height: 1.5em;
}

.c1 .fi-breadcrumb_list {
  color: hsl(0,0%,16%);
  list-style: none;
  margin: 0;
  padding: 0;
}

.c1 .fi-breadcrumb_item {
  color: hsl(0,0%,16%);
  list-style: none;
  float: left;
}

.c7 {
  color: hsl(0,0%,16%);
  -webkit-letter-spacing: 0;
  -moz-letter-spacing: 0;
  -ms-letter-spacing: 0;
  letter-spacing: 0;
  -webkit-text-decoration: none;
  text-decoration: none;
  word-break: break-word;
  overflow-wrap: break-word;
  -webkit-font-smoothing: antialiased;
  font-family: 'Source Sans Pro','Helvetica Neue','Arial',sans-serif;
  font-size: 18px;
  line-height: 1.5;
  font-weight: 400;
  color: hsl(212,63%,45%);
  -webkit-text-decoration: none;
  text-decoration: none;
}

.c7:hover,
.c7:active,
.c7:focus,
.c7:focus-within {
  color: hsl(212,63%,45%);
}

.c7:focus,
.c7:focus-within {
  -webkit-text-decoration: none;
  text-decoration: none;
}

.c7:focus {
  outline: 0;
  border-radius: 2px;
  box-shadow: 0 0 0 2px hsl(196,77%,44%);
}

.c7:hover,
.c7:active {
  -webkit-text-decoration: underline;
  text-decoration: underline;
}

.c7:visited {
  color: hsl(284,36%,45%);
}

.c8 {
  display: inline-block;
  vertical-align: baseline;
}

.c8.fi-icon--cursor-pointer {
  cursor: pointer;
}

.c8.fi-icon--cursor-pointer * {
  cursor: inherit;
}

.c5.fi-breadcrumb-link {
  font-size: 16px;
  display: inline-block;
}

.c5.fi-breadcrumb-link .fi-breadcrumb-link_link {
  -webkit-letter-spacing: 0;
  -moz-letter-spacing: 0;
  -ms-letter-spacing: 0;
  letter-spacing: 0;
  -webkit-text-decoration: none;
  text-decoration: none;
  word-break: break-word;
  overflow-wrap: break-word;
  -webkit-font-smoothing: antialiased;
  font-family: 'Source Sans Pro','Helvetica Neue','Arial',sans-serif;
  font-size: 16px;
  line-height: 1.5;
  font-weight: 400;
}

.c5.fi-breadcrumb-link .fi-breadcrumb-link_link--current {
  color: hsl(202,7%,40%);
}

.c5.fi-breadcrumb-link .fi-breadcrumb-link_icon {
  -webkit-transform: translateY(0.2em);
  -ms-transform: translateY(0.2em);
  transform: translateY(0.2em);
  margin: 0 4px;
}

.c1 .fi-breadcrumb_icon .fi-icon-base-fill {
  fill: hsl(202,7%,40%);
}

<nav
  aria-label="breadcrumb"
  class="c0 fi-breadcrumb c1"
  data-testid="Breadcrumb"
>
  <ol
    class="c2 fi-breadcrumb_list"
  >
    <li
      class="c3 fi-breadcrumb_item"
    >
      <a
        class="c4 fi-link c5 fi-breadcrumb_link"
        href="/"
      >
        Frontpage
      </a>
      <svg
        aria-hidden="true"
        class="fi-icon c6 fi-breadcrumb_icon"
        focusable="false"
        height="1em"
        viewBox="0 0 24 24"
        width="1em"
        xmlns="http://www.w3.org/2000/svg"
      >
        <path
          class="fi-icon-base-fill"
          d="M6 18v-2.12l5.902-2.328 3.748-1.492v-.12l-3.748-1.492L6 8.119V6l12 5.015v1.97z"
          fill="#292929"
          fill-rule="evenodd"
        />
      </svg>
    </li>
    <li
      class="c3 fi-breadcrumb_item"
    >
      <a
        class="c4 fi-link c5 fi-breadcrumb_link"
        href="/sub"
      >
        Sub page
      </a>
      <svg
        aria-hidden="true"
        class="fi-icon c6 fi-breadcrumb_icon"
        focusable="false"
        height="1em"
        viewBox="0 0 24 24"
        width="1em"
        xmlns="http://www.w3.org/2000/svg"
      >
        <path
          class="fi-icon-base-fill"
          d="M6 18v-2.12l5.902-2.328 3.748-1.492v-.12l-3.748-1.492L6 8.119V6l12 5.015v1.97z"
          fill="#292929"
          fill-rule="evenodd"
        />
      </svg>
    </li>
    <li
      class="c3 fi-breadcrumb_item"
    >
      <span
        class="c4 c5 fi-breadcrumb-link"
      >
        <span
          aria-current="location"
          class="c4 fi-breadcrumb-link_link fi-breadcrumb-link_link--current"
        >
          Sub sub page
        </span>
      </span>
    </li>
  </ol>
</nav>
`;
