// Jest Snapshot v1, https://goo.gl/fbAQLP

exports[`calling render with the same component on the same container does not remount 1`] = `
.c0 {
  line-height: 1.15;
  -ms-text-size-adjust: 100%;
  -webkit-text-size-adjust: 100%;
  margin: 0;
  padding: 0;
  border: 0;
  box-sizing: border-box;
  font: 100% inherit;
  line-height: 1;
  text-align: left;
  -webkit-text-decoration: none;
  text-decoration: none;
  vertical-align: baseline;
  color: inherit;
  background: none;
  cursor: inherit;
  display: inline;
  max-width: 100%;
  word-wrap: normal;
  word-break: normal;
  white-space: normal;
}

.c0::before,
.c0::after {
  box-sizing: border-box;
}

.c2 {
  display: inline-block;
  vertical-align: baseline;
}

.c2 .fi-icon-base-fill {
  fill: currentColor;
}

.c2 .fi-icon-base-stroke {
  stroke: currentColor;
}

.c2.fi-icon--cursor-pointer {
  cursor: pointer;
}

.c2.fi-icon--cursor-pointer * {
  cursor: inherit;
}

.c1 > [data-reach-menu-button].fi-language-menu_button {
  color: hsl(0,0%,16%);
  font-family: 'Source Sans Pro','Helvetica Neue','Arial',sans-serif;
  font-size: 18px;
  line-height: 1.5;
  font-weight: 400;
  cursor: pointer;
}

.c1 > [data-reach-menu-button].fi-language-menu_button.fi-language-menu-language_button {
  color: hsl(0,0%,16%);
  font-family: 'Source Sans Pro','Helvetica Neue','Arial',sans-serif;
  font-size: 16px;
  line-height: 1.5;
  font-weight: 600;
  padding: 9px 10px;
  line-height: 24px;
  background-color: hsl(0,0%,100%);
  border: 1px solid transparent;
  border-radius: 2px;
  word-break: break-word;
}

.c1 > [data-reach-menu-button].fi-language-menu_button.fi-language-menu-language_button > .fi-language-menu-language_icon {
  height: 1em;
  width: 1em;
  -webkit-transform: translateY(0.2em);
  -ms-transform: translateY(0.2em);
  transform: translateY(0.2em);
  margin-left: 10px;
}

.c1 > [data-reach-menu-button].fi-language-menu_button.fi-language-menu-language_button > .fi-language-menu-language_icon .fi-icon-base-fill {
  fill: hsl(212,63%,45%);
}

.c1 > [data-reach-menu-button].fi-language-menu_button.fi-language-menu-language_button:focus {
  outline: 0;
  position: relative;
}

.c1 > [data-reach-menu-button].fi-language-menu_button.fi-language-menu-language_button:focus::after {
  content: '';
  position: absolute;
  pointer-events: none;
  top: -2px;
  right: -2px;
  bottom: -2px;
  left: -2px;
  border-radius: 2px;
  background-color: transparent;
  border: 0px solid hsl(0,0%,100%);
  box-sizing: border-box;
  box-shadow: 0 0 0 2px hsl(196,77%,44%);
  z-index: 9999;
}

.c1 > [data-reach-menu-button].fi-language-menu_button.fi-language-menu-language_button:hover {
  border-color: hsl(202,7%,80%);
}

.c1 > [data-reach-menu-button].fi-language-menu_button.fi-language-menu-language_button_open {
  border-color: hsl(202,7%,80%);
}

.c1 > [data-reach-menu-button].fi-language-menu_button.fi-language-menu-language_button_open > .fi-language-menu-language_icon.fi-language-menu-language_icon {
  -webkit-transform: translateY(0.2em) rotate(180deg);
  -ms-transform: translateY(0.2em) rotate(180deg);
  transform: translateY(0.2em) rotate(180deg);
}

<div>
  <span
    class="c0 c1 fi-language-menu"
  >
    <button
      aria-controls="menu--1"
      aria-haspopup="true"
      class="fi-language-menu_button fi-language-menu-language_button menu-language-test"
      data-reach-menu-button=""
      id="menu-button--menu--1"
      type="button"
    >
      FI
      <svg
        aria-hidden="true"
        class="fi-icon c2 fi-language-menu-language_icon"
        focusable="false"
        height="1em"
        viewBox="0 0 24 24"
        width="1em"
        xmlns="http://www.w3.org/2000/svg"
      >
        <path
          class="fi-icon-base-fill"
          d="M12.99 15.61c-.273.26-.632.39-.99.39s-.717-.13-.99-.39l-5.6-5.334a1.287 1.287 0 010-1.885 1.448 1.448 0 011.98 0l4.61 4.39 4.61-4.39a1.448 1.448 0 011.98 0c.547.52.547 1.365 0 1.885l-5.6 5.333z"
          fill="#292929"
          fill-rule="evenodd"
        />
      </svg>
    </button>
  </span>
</div>
`;
