// Jest Snapshot v1, https://goo.gl/fbAQLP

exports[`should match snapshot 1`] = `
.c0 {
  line-height: 1.15;
  -ms-text-size-adjust: 100%;
  -webkit-text-size-adjust: 100%;
  background-color: transparent;
  margin: 0;
  padding: 0;
  border: 0;
  box-sizing: border-box;
  font: 100% inherit;
  line-height: 1;
  text-align: left;
  -webkit-text-decoration: none;
  text-decoration: none;
  vertical-align: baseline;
  color: inherit;
  background: none;
  cursor: inherit;
  display: inline;
  -webkit-text-decoration: underline;
  text-decoration: underline;
}

.c0::before,
.c0::after {
  box-sizing: border-box;
}

.c0:hover,
.c0:active,
.c0:focus,
.c0:focus-within {
  color: inherit;
  -webkit-text-decoration: underline;
  text-decoration: underline;
  cursor: pointer;
}

.c1 {
  color: hsl(0,0%,16%);
  -webkit-letter-spacing: 0;
  -moz-letter-spacing: 0;
  -ms-letter-spacing: 0;
  letter-spacing: 0;
  -webkit-text-decoration: none;
  text-decoration: none;
  word-break: break-word;
  overflow-wrap: break-word;
  -webkit-font-smoothing: antialiased;
  font-family: 'Source Sans Pro','Helvetica Neue','Arial',sans-serif;
  font-size: 18px;
  line-height: 1.5;
  font-weight: 400;
  color: hsl(212,63%,45%);
  -webkit-text-decoration: none;
  text-decoration: none;
}

.c1:hover,
.c1:active,
.c1:focus,
.c1:focus-within {
  color: hsl(212,63%,45%);
}

.c1:focus,
.c1:focus-within {
  -webkit-text-decoration: none;
  text-decoration: none;
}

.c1:focus {
  outline: 0;
  border-radius: 2px;
  box-shadow: 0 0 0 2px hsl(196,77%,44%);
}

.c1:hover,
.c1:active {
  -webkit-text-decoration: underline;
  text-decoration: underline;
}

.c1:visited {
  color: hsl(284,36%,45%);
}

.c2 {
  color: hsl(0,0%,16%);
  -webkit-letter-spacing: 0;
  -moz-letter-spacing: 0;
  -ms-letter-spacing: 0;
  letter-spacing: 0;
  -webkit-text-decoration: none;
  text-decoration: none;
  word-break: break-word;
  overflow-wrap: break-word;
  -webkit-font-smoothing: antialiased;
  font-family: 'Source Sans Pro','Helvetica Neue','Arial',sans-serif;
  font-size: 18px;
  line-height: 1.5;
  font-weight: 400;
  color: hsl(212,63%,45%);
  -webkit-text-decoration: none;
  text-decoration: none;
}

.c2:hover,
.c2:active,
.c2:focus,
.c2:focus-within {
  color: hsl(212,63%,45%);
}

.c2:focus,
.c2:focus-within {
  -webkit-text-decoration: none;
  text-decoration: none;
}

.c2:focus {
  outline: 0;
  border-radius: 2px;
  box-shadow: 0 0 0 2px hsl(196,77%,44%);
}

.c2:hover,
.c2:active {
  -webkit-text-decoration: underline;
  text-decoration: underline;
}

.c2:visited {
  color: hsl(284,36%,45%);
}

.c2.fi-link--skip {
  position: absolute;
  z-index: 10000;
  left: -1000px;
  margin: 16px;
  padding: 8px;
  background: hsl(212,63%,95%);
  border: 1px solid hsl(202,7%,80%);
  color: hsl(0,0%,16%);
  -webkit-text-decoration: none;
  text-decoration: none;
}

.c2.fi-link--skip:focus {
  position: absolute;
  left: auto;
}

<a
  class="c0 fi-link c1 c2 fi-link--skip"
  data-testid="test-link"
  href="/"
>
  Test content
</a>
`;
